<?xml version="1.0" encoding="UTF-8"?>
<sbml xmlns="http://www.sbml.org/sbml/level2" level="2" version="1">
  <model>
    <listOfUnitDefinitions>
      <unitDefinition id="mmol_per_gDW_per_hr">
        <listOfUnits>
          <unit kind="mole" scale="-3"/>
          <unit kind="gram" exponent="-1"/>
          <unit kind="second" exponent="-1" multiplier="0.000277777777777778"/>
        </listOfUnits>
      </unitDefinition>
    </listOfUnitDefinitions>
    <listOfCompartments>
      <compartment id="None" name="None" size="1"/>
    </listOfCompartments>
    <listOfSpecies>
      <species id="M_Glc_None" name="Glucose" compartment="None">
        <notes>
          <html xmlns="http://www.w3.org/1999/xhtml">
            <p>FORMULA: C6H12O6</p>
          </html>
        </notes>
      </species>
      <species id="M_Lac_None" name="Lactate" compartment="None">
        <notes>
          <html xmlns="http://www.w3.org/1999/xhtml">
            <p>FORMULA: C3H5O3</p>
          </html>
        </notes>
      </species>
      <species id="M_Glc6p_a_None" name="Glucose 6-phosphate (pool A)" compartment="None">
        <notes>
          <html xmlns="http://www.w3.org/1999/xhtml">
            <p>FORMULA: C6H11O9P</p>
          </html>
        </notes>
      </species>
      <species id="M_Glc6p_b_None" name="Glucose 6-phosphate (pool B)" compartment="None">
        <notes>
          <html xmlns="http://www.w3.org/1999/xhtml">
            <p>FORMULA: C6H11O9P</p>
          </html>
        </notes>
      </species>
      <species id="M_Fru6p_None" name="Fructose 6-phosphate" compartment="None">
        <notes>
          <html xmlns="http://www.w3.org/1999/xhtml">
            <p>FORMULA: C6H11O9P</p>
          </html>
        </notes>
      </species>
      <species id="M_Fru16bp_None" name="Fructose 1-6 biphosphate" compartment="None">
        <notes>
          <html xmlns="http://www.w3.org/1999/xhtml">
            <p>FORMULA: C6H10O12P2</p>
          </html>
        </notes>
      </species>
      <species id="M_Dhap_None" name="Dihydroxyacetone phsophate" compartment="None">
        <notes>
          <html xmlns="http://www.w3.org/1999/xhtml">
            <p>FORMULA: C3H5O6P</p>
          </html>
        </notes>
      </species>
      <species id="M_Gap_None" name="Glyceraldehyde 3-phosphate" compartment="None">
        <notes>
          <html xmlns="http://www.w3.org/1999/xhtml">
            <p>FORMULA: C3H5O6P</p>
          </html>
        </notes>
      </species>
      <species id="M_Pep_None" name="Posphoenolpyruvate" compartment="None">
        <notes>
          <html xmlns="http://www.w3.org/1999/xhtml">
            <p>FORMULA: C3H2O6P</p>
          </html>
        </notes>
      </species>
      <species id="M_Pyr_None" name="Pyruvate" compartment="None">
        <notes>
          <html xmlns="http://www.w3.org/1999/xhtml">
            <p>FORMULA: C3H3O3</p>
          </html>
        </notes>
      </species>
      <species id="M_Rul5p_None" name="Ribulose 5-phosphate" compartment="None">
        <notes>
          <html xmlns="http://www.w3.org/1999/xhtml">
            <p>FORMULA: C5H9O8P</p>
          </html>
        </notes>
      </species>
      <species id="M_Rib5p_None" name="Ribose 5-phosphate" compartment="None">
        <notes>
          <html xmlns="http://www.w3.org/1999/xhtml">
            <p>FORMULA: C5H9O8P</p>
          </html>
        </notes>
      </species>
      <species id="M_Xyl5p_None" name="Xylulose 5-phosphate" compartment="None">
        <notes>
          <html xmlns="http://www.w3.org/1999/xhtml">
            <p>FORMULA: C5H9O8P</p>
          </html>
        </notes>
      </species>
      <species id="M_Sed7p_None" name="Sedoheptulose 7-phosphate" compartment="None">
        <notes>
          <html xmlns="http://www.w3.org/1999/xhtml">
            <p>FORMULA: C7H13O10P</p>
          </html>
        </notes>
      </species>
      <species id="M_E4p_None" name="Erythrose 4-phosphate" compartment="None">
        <notes>
          <html xmlns="http://www.w3.org/1999/xhtml">
            <p>FORMULA: C4H7O7P</p>
          </html>
        </notes>
      </species>
      <species id="M_Glc_None_boundary" name="Glucose" compartment="None" boundaryCondition="true">
        <notes>
          <html xmlns="http://www.w3.org/1999/xhtml">
            <p>FORMULA: C6H12O6</p>
          </html>
        </notes>
      </species>
      <species id="M_Lac_None_boundary" name="Lactate" compartment="None" boundaryCondition="true">
        <notes>
          <html xmlns="http://www.w3.org/1999/xhtml">
            <p>FORMULA: C3H5O3</p>
          </html>
        </notes>
      </species>
      <species id="M_Glc6p_a_None_boundary" name="Glucose 6-phosphate (pool A)" compartment="None" boundaryCondition="true">
        <notes>
          <html xmlns="http://www.w3.org/1999/xhtml">
            <p>FORMULA: C6H11O9P</p>
          </html>
        </notes>
      </species>
      <species id="M_Pyr_None_boundary" name="Pyruvate" compartment="None" boundaryCondition="true">
        <notes>
          <html xmlns="http://www.w3.org/1999/xhtml">
            <p>FORMULA: C3H3O3</p>
          </html>
        </notes>
      </species>
    </listOfSpecies>
    <listOfReactions>
      <reaction id="R_RglcEx" name="Glucose uptake" reversible="false">
        <listOfReactants>
          <speciesReference species="M_Glc_None_boundary" stoichiometry="1"/>
        </listOfReactants>
        <listOfProducts>
          <speciesReference species="M_Glc_None" stoichiometry="1"/>
        </listOfProducts>
        <kineticLaw>
          <math xmlns="http://www.w3.org/1998/Math/MathML">
            <ci> FLUX_VALUE </ci>
          </math>
          <listOfParameters>
            <parameter id="LOWER_BOUND" value="0" units="mmol_per_gDW_per_hr"/>
            <parameter id="OBJECTIVE_COEFFICIENT" value="0" units="dimensionless"/>
            <parameter id="UPPER_BOUND" value="1000" units="mmol_per_gDW_per_hr"/>
            <parameter id="FLUX_VALUE" value="0" units="mmol_per_gDW_per_hr"/>
          </listOfParameters>
        </kineticLaw>
      </reaction>
      <reaction id="R_RlacEx" name="Lactate release" reversible="false">
        <listOfReactants>
          <speciesReference species="M_Lac_None" stoichiometry="1"/>
        </listOfReactants>
        <listOfProducts>
          <speciesReference species="M_Lac_None_boundary" stoichiometry="1"/>
        </listOfProducts>
        <kineticLaw>
          <math xmlns="http://www.w3.org/1998/Math/MathML">
            <ci> FLUX_VALUE </ci>
          </math>
          <listOfParameters>
            <parameter id="LOWER_BOUND" value="1" units="mmol_per_gDW_per_hr"/>
            <parameter id="OBJECTIVE_COEFFICIENT" value="0" units="dimensionless"/>
            <parameter id="UPPER_BOUND" value="1" units="mmol_per_gDW_per_hr"/>
            <parameter id="FLUX_VALUE" value="0" units="mmol_per_gDW_per_hr"/>
          </listOfParameters>
        </kineticLaw>
      </reaction>
      <reaction id="R_Rhex1" name="Hexokinase" reversible="false">
        <listOfReactants>
          <speciesReference species="M_Glc_None" stoichiometry="1"/>
        </listOfReactants>
        <listOfProducts>
          <speciesReference species="M_Glc6p_a_None" stoichiometry="1"/>
        </listOfProducts>
        <kineticLaw>
          <math xmlns="http://www.w3.org/1998/Math/MathML">
            <ci> FLUX_VALUE </ci>
          </math>
          <listOfParameters>
            <parameter id="LOWER_BOUND" value="0.4365" units="mmol_per_gDW_per_hr"/>
            <parameter id="OBJECTIVE_COEFFICIENT" value="0" units="dimensionless"/>
            <parameter id="UPPER_BOUND" value="0.4366" units="mmol_per_gDW_per_hr"/>
            <parameter id="FLUX_VALUE" value="0" units="mmol_per_gDW_per_hr"/>
          </listOfParameters>
        </kineticLaw>
      </reaction>
      <reaction id="R_RglycEx" name="Glycogen utilization" reversible="false">
        <listOfReactants>
          <speciesReference species="M_Glc6p_a_None_boundary" stoichiometry="1"/>
        </listOfReactants>
        <listOfProducts>
          <speciesReference species="M_Glc6p_a_None" stoichiometry="1"/>
        </listOfProducts>
        <kineticLaw>
          <math xmlns="http://www.w3.org/1998/Math/MathML">
            <ci> FLUX_VALUE </ci>
          </math>
          <listOfParameters>
            <parameter id="LOWER_BOUND" value="0" units="mmol_per_gDW_per_hr"/>
            <parameter id="OBJECTIVE_COEFFICIENT" value="0" units="dimensionless"/>
            <parameter id="UPPER_BOUND" value="1000" units="mmol_per_gDW_per_hr"/>
            <parameter id="FLUX_VALUE" value="0" units="mmol_per_gDW_per_hr"/>
          </listOfParameters>
        </kineticLaw>
      </reaction>
      <reaction id="R_Rglc6p_pdif" name="Difussion between Glucose 6-phosphate pools" reversible="true">
        <listOfReactants>
          <speciesReference species="M_Glc6p_a_None" stoichiometry="1"/>
        </listOfReactants>
        <listOfProducts>
          <speciesReference species="M_Glc6p_b_None" stoichiometry="1"/>
        </listOfProducts>
        <kineticLaw>
          <math xmlns="http://www.w3.org/1998/Math/MathML">
            <ci> FLUX_VALUE </ci>
          </math>
          <listOfParameters>
            <parameter id="LOWER_BOUND" value="-1000" units="mmol_per_gDW_per_hr"/>
            <parameter id="OBJECTIVE_COEFFICIENT" value="0" units="dimensionless"/>
            <parameter id="UPPER_BOUND" value="1000" units="mmol_per_gDW_per_hr"/>
            <parameter id="FLUX_VALUE" value="0" units="mmol_per_gDW_per_hr"/>
          </listOfParameters>
        </kineticLaw>
      </reaction>
      <reaction id="R_Rpgi" name="Glucose-6-phosphate isomerase" reversible="true">
        <listOfReactants>
          <speciesReference species="M_Glc6p_b_None" stoichiometry="1"/>
        </listOfReactants>
        <listOfProducts>
          <speciesReference species="M_Fru6p_None" stoichiometry="1"/>
        </listOfProducts>
        <kineticLaw>
          <math xmlns="http://www.w3.org/1998/Math/MathML">
            <ci> FLUX_VALUE </ci>
          </math>
          <listOfParameters>
            <parameter id="LOWER_BOUND" value="-1000" units="mmol_per_gDW_per_hr"/>
            <parameter id="OBJECTIVE_COEFFICIENT" value="0" units="dimensionless"/>
            <parameter id="UPPER_BOUND" value="1000" units="mmol_per_gDW_per_hr"/>
            <parameter id="FLUX_VALUE" value="0" units="mmol_per_gDW_per_hr"/>
          </listOfParameters>
        </kineticLaw>
      </reaction>
      <reaction id="R_Rpfk" name="Phosphofructokinase" reversible="false">
        <listOfReactants>
          <speciesReference species="M_Fru6p_None" stoichiometry="1"/>
        </listOfReactants>
        <listOfProducts>
          <speciesReference species="M_Fru16bp_None" stoichiometry="1"/>
        </listOfProducts>
        <kineticLaw>
          <math xmlns="http://www.w3.org/1998/Math/MathML">
            <ci> FLUX_VALUE </ci>
          </math>
          <listOfParameters>
            <parameter id="LOWER_BOUND" value="0" units="mmol_per_gDW_per_hr"/>
            <parameter id="OBJECTIVE_COEFFICIENT" value="0" units="dimensionless"/>
            <parameter id="UPPER_BOUND" value="1000" units="mmol_per_gDW_per_hr"/>
            <parameter id="FLUX_VALUE" value="0" units="mmol_per_gDW_per_hr"/>
          </listOfParameters>
        </kineticLaw>
      </reaction>
      <reaction id="R_Rfba" name="Aldolase" reversible="true">
        <listOfReactants>
          <speciesReference species="M_Fru16bp_None" stoichiometry="1"/>
        </listOfReactants>
        <listOfProducts>
          <speciesReference species="M_Dhap_None" stoichiometry="1"/>
          <speciesReference species="M_Gap_None" stoichiometry="1"/>
        </listOfProducts>
        <kineticLaw>
          <math xmlns="http://www.w3.org/1998/Math/MathML">
            <ci> FLUX_VALUE </ci>
          </math>
          <listOfParameters>
            <parameter id="LOWER_BOUND" value="-1000" units="mmol_per_gDW_per_hr"/>
            <parameter id="OBJECTIVE_COEFFICIENT" value="0" units="dimensionless"/>
            <parameter id="UPPER_BOUND" value="1000" units="mmol_per_gDW_per_hr"/>
            <parameter id="FLUX_VALUE" value="0" units="mmol_per_gDW_per_hr"/>
          </listOfParameters>
        </kineticLaw>
      </reaction>
      <reaction id="R_Rtpi" name="Triose-phosphate isomerase" reversible="true">
        <listOfReactants>
          <speciesReference species="M_Dhap_None" stoichiometry="1"/>
        </listOfReactants>
        <listOfProducts>
          <speciesReference species="M_Gap_None" stoichiometry="1"/>
        </listOfProducts>
        <kineticLaw>
          <math xmlns="http://www.w3.org/1998/Math/MathML">
            <ci> FLUX_VALUE </ci>
          </math>
          <listOfParameters>
            <parameter id="LOWER_BOUND" value="-1000" units="mmol_per_gDW_per_hr"/>
            <parameter id="OBJECTIVE_COEFFICIENT" value="0" units="dimensionless"/>
            <parameter id="UPPER_BOUND" value="1000" units="mmol_per_gDW_per_hr"/>
            <parameter id="FLUX_VALUE" value="0" units="mmol_per_gDW_per_hr"/>
          </listOfParameters>
        </kineticLaw>
      </reaction>
      <reaction id="R_Rbottom_Glc" name="Glyceraldehyde phosphate dehydrogenase" reversible="true">
        <listOfReactants>
          <speciesReference species="M_Gap_None" stoichiometry="1"/>
        </listOfReactants>
        <listOfProducts>
          <speciesReference species="M_Pep_None" stoichiometry="1"/>
        </listOfProducts>
        <kineticLaw>
          <math xmlns="http://www.w3.org/1998/Math/MathML">
            <ci> FLUX_VALUE </ci>
          </math>
          <listOfParameters>
            <parameter id="LOWER_BOUND" value="-1000" units="mmol_per_gDW_per_hr"/>
            <parameter id="OBJECTIVE_COEFFICIENT" value="0" units="dimensionless"/>
            <parameter id="UPPER_BOUND" value="1000" units="mmol_per_gDW_per_hr"/>
            <parameter id="FLUX_VALUE" value="0" units="mmol_per_gDW_per_hr"/>
          </listOfParameters>
        </kineticLaw>
      </reaction>
      <reaction id="R_Rpyk" name="Pyruvate Kinase" reversible="false">
        <listOfReactants>
          <speciesReference species="M_Pep_None" stoichiometry="1"/>
        </listOfReactants>
        <listOfProducts>
          <speciesReference species="M_Pyr_None" stoichiometry="1"/>
        </listOfProducts>
        <kineticLaw>
          <math xmlns="http://www.w3.org/1998/Math/MathML">
            <ci> FLUX_VALUE </ci>
          </math>
          <listOfParameters>
            <parameter id="LOWER_BOUND" value="0" units="mmol_per_gDW_per_hr"/>
            <parameter id="OBJECTIVE_COEFFICIENT" value="0" units="dimensionless"/>
            <parameter id="UPPER_BOUND" value="1000" units="mmol_per_gDW_per_hr"/>
            <parameter id="FLUX_VALUE" value="0" units="mmol_per_gDW_per_hr"/>
          </listOfParameters>
        </kineticLaw>
      </reaction>
      <reaction id="R_Rldh_l" name="L-lactate dehydrogenase" reversible="true">
        <listOfReactants>
          <speciesReference species="M_Pyr_None" stoichiometry="1"/>
        </listOfReactants>
        <listOfProducts>
          <speciesReference species="M_Lac_None" stoichiometry="1"/>
        </listOfProducts>
        <kineticLaw>
          <math xmlns="http://www.w3.org/1998/Math/MathML">
            <ci> FLUX_VALUE </ci>
          </math>
          <listOfParameters>
            <parameter id="LOWER_BOUND" value="-1000" units="mmol_per_gDW_per_hr"/>
            <parameter id="OBJECTIVE_COEFFICIENT" value="0" units="dimensionless"/>
            <parameter id="UPPER_BOUND" value="1000" units="mmol_per_gDW_per_hr"/>
            <parameter id="FLUX_VALUE" value="0" units="mmol_per_gDW_per_hr"/>
          </listOfParameters>
        </kineticLaw>
      </reaction>
      <reaction id="R_RoxPPP" name="Glucose 6-Phosphate dehydrogenase" reversible="false">
        <listOfReactants>
          <speciesReference species="M_Glc6p_b_None" stoichiometry="1"/>
        </listOfReactants>
        <listOfProducts>
          <speciesReference species="M_Rul5p_None" stoichiometry="1"/>
        </listOfProducts>
        <kineticLaw>
          <math xmlns="http://www.w3.org/1998/Math/MathML">
            <ci> FLUX_VALUE </ci>
          </math>
          <listOfParameters>
            <parameter id="LOWER_BOUND" value="0.0626" units="mmol_per_gDW_per_hr"/>
            <parameter id="OBJECTIVE_COEFFICIENT" value="0" units="dimensionless"/>
            <parameter id="UPPER_BOUND" value="0.0628" units="mmol_per_gDW_per_hr"/>
            <parameter id="FLUX_VALUE" value="0" units="mmol_per_gDW_per_hr"/>
          </listOfParameters>
        </kineticLaw>
      </reaction>
      <reaction id="R_Rrpi" name="Ribose phosphate isomerase" reversible="true">
        <listOfReactants>
          <speciesReference species="M_Rul5p_None" stoichiometry="1"/>
        </listOfReactants>
        <listOfProducts>
          <speciesReference species="M_Rib5p_None" stoichiometry="1"/>
        </listOfProducts>
        <kineticLaw>
          <math xmlns="http://www.w3.org/1998/Math/MathML">
            <ci> FLUX_VALUE </ci>
          </math>
          <listOfParameters>
            <parameter id="LOWER_BOUND" value="-1000" units="mmol_per_gDW_per_hr"/>
            <parameter id="OBJECTIVE_COEFFICIENT" value="0" units="dimensionless"/>
            <parameter id="UPPER_BOUND" value="1000" units="mmol_per_gDW_per_hr"/>
            <parameter id="FLUX_VALUE" value="0" units="mmol_per_gDW_per_hr"/>
          </listOfParameters>
        </kineticLaw>
      </reaction>
      <reaction id="R_Rrpe" name="Ribulose 5 phosphate epimerase" reversible="true">
        <listOfReactants>
          <speciesReference species="M_Rul5p_None" stoichiometry="1"/>
        </listOfReactants>
        <listOfProducts>
          <speciesReference species="M_Xyl5p_None" stoichiometry="1"/>
        </listOfProducts>
        <kineticLaw>
          <math xmlns="http://www.w3.org/1998/Math/MathML">
            <ci> FLUX_VALUE </ci>
          </math>
          <listOfParameters>
            <parameter id="LOWER_BOUND" value="-1000" units="mmol_per_gDW_per_hr"/>
            <parameter id="OBJECTIVE_COEFFICIENT" value="0" units="dimensionless"/>
            <parameter id="UPPER_BOUND" value="1000" units="mmol_per_gDW_per_hr"/>
            <parameter id="FLUX_VALUE" value="0" units="mmol_per_gDW_per_hr"/>
          </listOfParameters>
        </kineticLaw>
      </reaction>
      <reaction id="R_Rtkt1" name="Transketolase 1" reversible="true">
        <listOfReactants>
          <speciesReference species="M_Rib5p_None" stoichiometry="1"/>
          <speciesReference species="M_Xyl5p_None" stoichiometry="1"/>
        </listOfReactants>
        <listOfProducts>
          <speciesReference species="M_Sed7p_None" stoichiometry="1"/>
          <speciesReference species="M_Gap_None" stoichiometry="1"/>
        </listOfProducts>
        <kineticLaw>
          <math xmlns="http://www.w3.org/1998/Math/MathML">
            <ci> FLUX_VALUE </ci>
          </math>
          <listOfParameters>
            <parameter id="LOWER_BOUND" value="-1000" units="mmol_per_gDW_per_hr"/>
            <parameter id="OBJECTIVE_COEFFICIENT" value="0" units="dimensionless"/>
            <parameter id="UPPER_BOUND" value="1000" units="mmol_per_gDW_per_hr"/>
            <parameter id="FLUX_VALUE" value="0" units="mmol_per_gDW_per_hr"/>
          </listOfParameters>
        </kineticLaw>
      </reaction>
      <reaction id="R_Rtkt2" name="Transketolase 2" reversible="true">
        <listOfReactants>
          <speciesReference species="M_Xyl5p_None" stoichiometry="1"/>
          <speciesReference species="M_E4p_None" stoichiometry="1"/>
        </listOfReactants>
        <listOfProducts>
          <speciesReference species="M_Gap_None" stoichiometry="1"/>
          <speciesReference species="M_Fru6p_None" stoichiometry="1"/>
        </listOfProducts>
        <kineticLaw>
          <math xmlns="http://www.w3.org/1998/Math/MathML">
            <ci> FLUX_VALUE </ci>
          </math>
          <listOfParameters>
            <parameter id="LOWER_BOUND" value="-1000" units="mmol_per_gDW_per_hr"/>
            <parameter id="OBJECTIVE_COEFFICIENT" value="0" units="dimensionless"/>
            <parameter id="UPPER_BOUND" value="1000" units="mmol_per_gDW_per_hr"/>
            <parameter id="FLUX_VALUE" value="0" units="mmol_per_gDW_per_hr"/>
          </listOfParameters>
        </kineticLaw>
      </reaction>
      <reaction id="R_Rtala" name="Transaldolase" reversible="true">
        <listOfReactants>
          <speciesReference species="M_Sed7p_None" stoichiometry="1"/>
          <speciesReference species="M_Gap_None" stoichiometry="1"/>
        </listOfReactants>
        <listOfProducts>
          <speciesReference species="M_E4p_None" stoichiometry="1"/>
          <speciesReference species="M_Fru6p_None" stoichiometry="1"/>
        </listOfProducts>
        <kineticLaw>
          <math xmlns="http://www.w3.org/1998/Math/MathML">
            <ci> FLUX_VALUE </ci>
          </math>
          <listOfParameters>
            <parameter id="LOWER_BOUND" value="-1000" units="mmol_per_gDW_per_hr"/>
            <parameter id="OBJECTIVE_COEFFICIENT" value="0" units="dimensionless"/>
            <parameter id="UPPER_BOUND" value="1000" units="mmol_per_gDW_per_hr"/>
            <parameter id="FLUX_VALUE" value="0" units="mmol_per_gDW_per_hr"/>
          </listOfParameters>
        </kineticLaw>
      </reaction>
      <reaction id="R_RextraPyr" name="extra pyruvate" reversible="false">
        <listOfReactants>
          <speciesReference species="M_Pyr_None_boundary" stoichiometry="1"/>
        </listOfReactants>
        <listOfProducts>
          <speciesReference species="M_Pyr_None" stoichiometry="1"/>
        </listOfProducts>
        <kineticLaw>
          <math xmlns="http://www.w3.org/1998/Math/MathML">
            <ci> FLUX_VALUE </ci>
          </math>
          <listOfParameters>
            <parameter id="LOWER_BOUND" value="0.1479" units="mmol_per_gDW_per_hr"/>
            <parameter id="OBJECTIVE_COEFFICIENT" value="0" units="dimensionless"/>
            <parameter id="UPPER_BOUND" value="0.1481" units="mmol_per_gDW_per_hr"/>
            <parameter id="FLUX_VALUE" value="0" units="mmol_per_gDW_per_hr"/>
          </listOfParameters>
        </kineticLaw>
      </reaction>
    </listOfReactions>
  </model>
</sbml>
